ff
ff
ff
ff
ff
ff
ff
ff
ff
7f
55
55
55
01
00
00
00
00
00
00
00
00
00
00
00
00
55
55
55
f5
ff
ff
ff
ff
ff
ff
ff
ff
ff
ff
ff
7f
55
55
55
01
00
00
00
00
00
00
00
00
00
00
00
00
55
55
55
f5
ff
ff
ff
ff
ff
ff
ff
ff
ff
ff
ff
7f
55
55
55
01
00
00
00
00
00
00
00
00
00
00
00
00
55
55
55
f5
ff
ff
ff
ff
ff
ff
ff
ff
ff
ff
ff
7f
55
55
55
01
00
00
00
00
00
00
00
00
00
00
00
00
55
55
55
f5
ff
ff
ff
ff
ff
ff
ff
ff
ff
ff
ff
7f
55
55
55
01
00
00
00
00
00
00
00
00
00
00
00
00
55
55
55
f5
ff
ff
ff
ff
ff
ff
ff
ff
ff
ff
ff
7f
55
55
55
01
00
00
00
00
00
00
00
00
00
00
00
00
55
55
55
f5
ff
ff
ff
ff
ff
ff
ff
ff
ff
ff
ff
7f
55
55
55
01
00
00
00
00
00
00
00
00
00
00
00
00
55
55
55
f5
ff
ff
ff
ff
ff
ff
ff
ff
ff
ff
ff
7f
55
55
55
01
00
00
00
00
00
00
00
00
00
00
00
00
55
55
55
f5
ff
ff
ff
ff
ff
ff
ff
ff
ff
ff
ff
7f
55
55
55
01
00
00
00
00
00
00
00
00
00
00
00
00
55
55
55
f5
ff
ff
ff
ff
ff
ff
ff
ff
ff
ff
ff
7f
55
55
55
01
00
00
00
00
00
00
00
00
00
00
00
00
55
55
55
f5
ff
ff
ff
ff
ff
ff
ff
ff
ff
ff
ff
7f
55
55
55
01
00
00
00
00
00
00
00
00
00
00
00
00
55
55
55
f5
ff
ff
ff
ff
ff
ff
ff
ff
ff
ff
ff
7f
55
55
55
01
00
00
00
00
00
00
00
00
00
00
00
00
55
55
55
f5
ff
ff
